# Every symbol a filter expression can use, as of the last deliberate
# change. TestEnvSymbolsAreStable fails when one of these disappears.
# Additions are fine and are not listed until this file is regenerated.
# 132 symbols in total.

# 10 libraries. A version pin only holds if the library reads it.
library cel.lib.ext.cel.bindings
library cel.lib.ext.comprev2
library cel.lib.ext.sets
library cel.lib.ext.strings
library cel.lib.optional
library cel.lib.std
library kubernetes.Semver
library kubernetes.net.cidr
library kubernetes.net.ip
library kubernetes.regex

# 102 functions. Overload identifiers are left out, filters never name them.
function !_
function -_
function @in
function @not_strictly_false
function _!=_
function _%_
function _&&_
function _*_
function _+_
function _-_
function _/_
function _<=_
function _<_
function _==_
function _>=_
function _>_
function _?._
function _?_:_
function _[?_]
function _[_]
function __not_strictly_false__
function _in_
function _||_
function bool
function bytes
function cel.@mapInsert
function charAt
function cidr
function compareTo
function contains
function containsCIDR
function containsIP
function double
function duration
function dyn
function endsWith
function family
function find
function findAll
function first
function format
function getDate
function getDayOfMonth
function getDayOfWeek
function getDayOfYear
function getFullYear
function getHours
function getMilliseconds
function getMinutes
function getMonth
function getSeconds
function hasValue
function in
function indexOf
function int
function ip
function ip.isCanonical
function isCIDR
function isGlobalUnicast
function isGreaterThan
function isIP
function isLessThan
function isLinkLocalMulticast
function isLinkLocalUnicast
function isLoopback
function isSemver
function isUnspecified
function join
function last
function lastIndexOf
function lowerAscii
function major
function masked
function matches
function minor
function optional.none
function optional.of
function optional.ofNonZeroValue
function optional.unwrap
function or
function orValue
function patch
function prefixLength
function replace
function reverse
function semver
function sets.contains
function sets.equivalent
function sets.intersects
function size
function split
function startsWith
function string
function strings.quote
function substring
function timestamp
function trim
function type
function uint
function unwrapOpt
function upperAscii
function value

# 20 macros. Each is listed with its argument count.
macro all/2
macro all/3
macro bind/3
macro exists/2
macro exists/3
macro existsOne/3
macro exists_one/2
macro exists_one/3
macro filter/2
macro has/1
macro map/2
macro map/3
macro optFlatMap/2
macro optMap/2
macro transformList/3
macro transformList/4
macro transformMap/3
macro transformMap/4
macro transformMapEntry/3
macro transformMapEntry/4
