{
    "version": "1.1",
    "host": "kem-agent-7c9d4f-x8m2p",
    "short_message": "OOMKilled",
    "full_message": "Container \"web\" exceeded its memory limit of 512Mi",
    "timestamp": 1231006745.000,
    "level": 4,
    "_event_reason": "OOMKilled",
    "_event_action": "Killing",
    "_event_type": "Warning",
    "_event_count": 7,
    "_event_start_time": "2009-01-03T18:15:05Z",
    "_event_name": "web-7d9f4-x2k1.17ab3c9e2d1f",
    "_event_uid": "8f1d2c4a-3b5e-4c7d-9a1f-2e6b8c0d4f7a",
    "_event_reporting_controller": "kubelet",
    "_event_reporting_instance": "node-007",
    "_namespace_name": "team-a",
    "_object_kind": "Pod",
    "_object_name": "web-7d9f4-x2k1",
    "_object_namespace": "team-a",
    "_object_uid": "1a2b3c4d-5e6f-4a8b-9c0d-1e2f3a4b5c6d",
    "_object_api_version": "v1",
    "_object_resource_version": "3987",
    "_object_owner_kind": "ReplicaSet",
    "_object_owner_name": "web-7d9f4",
    "_object_terminating": false,
    "_object_label_app.kubernetes.io_name": "web",
    "_object_label_tier": "frontend",
    "_kem_cluster": "prod-eu-1",
    "_kem_node": "node-007",
    "_kem_namespace": "kem-system",
    "_kem_pod": "kem-agent-7c9d4f-x8m2p",
    "_kem_version": "v0.0.0",
    "_env": "production"
}